{
  "cryptoRates": [
    {
      "id": "kapybara@kadena",
      "formattedPrice": "0.000000024773671611000002",
      "percentChange": null
    },
    {
      "id": "kaddex@kadena",
      "formattedPrice": "0.0262215",
      "percentChange": -12.506323232704695
    },
    {
      "id": "kadena",
      "formattedPrice": "0.834327",
      "percentChange": -6.1000975049840065
    }
  ]
}